// Jest Snapshot v1, https://goo.gl/fbAQLP

exports[`Menu should be able to access the selectCategory function  1`] = `
<nav>
  <h1>
     What's New 
  </h1>
  <h3
    onClick={[Function]}
  >
    Local
  </h3>
  <h3
    onClick={[Function]}
  >
    Tech
  </h3>
  <h3
    onClick={[Function]}
  >
    Entertainment
  </h3>
  <h3
    onClick={[Function]}
  >
    Science
  </h3>
  <h3
    onClick={[Function]}
  >
    Health
  </h3>
</nav>
`;
